// Jest Snapshot v1, https://goo.gl/fbAQLP

exports[`MapButtonIcon Component matches the snapshot 1`] = `
<div
  className="MuiBox-root MuiBox-root-4"
>
  <img
    height={25}
    src="side-menu-shape-copy-2@2x.png"
    width={25}
  />
</div>
`;
