// Jest Snapshot v1, https://goo.gl/fbAQLP

exports[`ShipButton Component matches the snapshot 1`] = `
<div
  className="MuiBox-root MuiBox-root-4"
>
  <img
    height={25}
    src="movement-path-4333-shape-1@2x.png"
    width={25}
  />
</div>
`;
