// Jest Snapshot v1, https://goo.gl/fbAQLP

exports[`SideMenu Component matches the snapshot 1`] = `
<h1>
  SideMenu
</h1>
`;
